// Jest Snapshot v1, https://goo.gl/fbAQLP

exports[`field/vcode setVcode() trims code 1`] = `
Array [
  Immutable.Map {},
  "vcode",
  "123456",
]
`;
